#-----------------------------------------------------------
# Vivado v2025.2 (64-bit)
# SW Build 6299465 on Fri Nov 14 19:35:11 GMT 2025
# IP Build 6300035 on Fri Nov 14 10:48:45 MST 2025
# SharedData Build 6298862 on Thu Nov 13 04:50:51 MST 2025
# Start of session at: Fri May  8 19:51:01 2026
# Process ID         : 12756
# Current directory  : C:/Users/User/project_15/project_15.runs/impl_1
# Command line       : vivado.exe -log NanoProcessor.vdi -applog -product Vivado -messageDb vivado.pb -mode batch -source NanoProcessor.tcl -notrace
# Log file           : C:/Users/User/project_15/project_15.runs/impl_1/NanoProcessor.vdi
# Journal file       : C:/Users/User/project_15/project_15.runs/impl_1\vivado.jou
# Running On         : DESKTOP-BMC62JM
# Platform           : Windows Server 2016 or Windows 10
# Operating System   : 19045
# Processor Detail   : Intel(R) Core(TM) i5-9400F CPU @ 2.90GHz
# CPU Frequency      : 2904 MHz
# CPU Physical cores : 6
# CPU Logical cores  : 6
# Host memory        : 8522 MB
# Swap memory        : 13958 MB
# Total Virtual      : 22480 MB
# Available Virtual  : 9296 MB
#-----------------------------------------------------------
source NanoProcessor.tcl -notrace
